<html>
<body>
<pre>
<h1>礦ision Build Log</h1>
<h2>Tool Versions:</h2>
IDE-Version: μVision V5.14.2
Copyright (C) 2015 ARM Ltd and ARM Germany GmbH. All rights reserved.
License Information: Cortex-M3, 中北大学, LIC=----
 
Tool Versions:
Toolchain:       MDK-Lite  Version: 5.15.0
Toolchain Path:  E:\MDK_ARM_5.15\ARM\ARMCC\Bin
C Compiler:      Armcc.exe V5.05 update 2 (build 169)
Assembler:       Armasm.exe V5.05 update 2 (build 169)
Linker/Locator:  ArmLink.exe V5.05 update 2 (build 169)
Library Manager: ArmAr.exe V5.05 update 2 (build 169)
Hex Converter:   FromElf.exe V5.05 update 2 (build 169)
CPU DLL:         SARMCM3.DLL V5.15.0
Dialog DLL:      DCM.DLL V1.13.2.0
Target DLL:      STLink\ST-LINKIII-KEIL_SWO.dll V2.0.6.0_KEIL
Dialog DLL:      TCM.DLL V1.14.5.0
 
<h2>Project:</h2>
F:\蓝牙控制小车\DM测试\MDK\Project.uvprojx
Project File Date:  03/02/2019

<h2>Output:</h2>
*** Using Compiler 'V5.05 update 2 (build 169)', folder: 'E:\MDK_ARM_5.15\ARM\ARMCC\Bin'
Build target 'Project'
compiling Main.c...
..\Source\Drive\DMREG.h(247): warning:  #1-D: last line of file ends without a newline
  #endif
..\Source\APP\Main.c(239): warning:  #177-D: variable "xunflag" was declared but never referenced
        char xunflag=1;
..\Source\APP\Main.c(240): warning:  #177-D: variable "bianyuan" was declared but never referenced
        char bianyuan=0;
..\Source\APP\Main.c(241): warning:  #177-D: variable "zuoce" was declared but never referenced
        char zuoce=0;
..\Source\APP\Main.c(242): warning:  #177-D: variable "youce" was declared but never referenced
        char youce=0;
..\Source\APP\Main.c(243): warning:  #177-D: variable "qiance" was declared but never referenced
        char qiance=0;
..\Source\APP\Main.c: 6 warnings, 0 errors
linking...
Program Size: Code=10192 RO-data=488 RW-data=3236 ZI-data=4388  
FromELF: creating hex file...
".\Obj\Project.axf" - 0 Error(s), 6 Warning(s).

<h2>Software Packages used:</h2>

Package Vendor: ARM
                http://www.keil.com/pack/ARM.CMSIS.4.3.0.pack
                ARM::CMSIS:CORE:4.1.0
                CMSIS (Cortex Microcontroller Software Interface Standard)
   * Component: CORE Version: 4.1.0

<h2>Collection of Component include folders:</h2>
  F:\蓝牙控制小车\DM测试\MDK\RTE
  E:\MDK_ARM_5.15\ARM\PACK\ARM\CMSIS\4.3.0\CMSIS\Include
  E:\MDK_ARM_5.15\ARM\PACK\Keil\STM32F1xx_DFP\2.2.0\Device\Include

<h2>Collection of Component Files used:</h2>

   * Component: ARM::CMSIS:CORE:4.1.0
</pre>
</body>
</html>
